
lenovo@idea-PC MINGW64 ~/Desktop
$ pwd
/c/Users/lenovo/Desktop

lenovo@idea-PC MINGW64 ~/Desktop
$ mkdir python_basics

lenovo@idea-PC MINGW64 ~/Desktop
$ ls
'4K Video Downloader.lnk'*  GitHub.appref-ms      python_basics/
'Computer - Shortcut.lnk'*  Janahvee/             'Removed Apps.html'
desktop.ini                 lenovo.lnk*           'Snipping Tool.lnk'*
'Eclipse Java Photon.lnk'*  notepad++.lnk*        Thonny.lnk*
'Git Shell.lnk'*            organize/             Thumbs.db
'GitHub Desktop.lnk'*       pcscreencapture.exe*

lenovo@idea-PC MINGW64 ~/Desktop
$ cd python_basics

lenovo@idea-PC MINGW64 ~/Desktop/python_basics
$ touch helloWorld.ipynb

lenovo@idea-PC MINGW64 ~/Desktop/python_basics
$ ls
helloWorld.ipynb

lenovo@idea-PC MINGW64 ~/Desktop/python_basics
$ echo 'hello everyone' > echoDemo.html

lenovo@idea-PC MINGW64 ~/Desktop/python_basics
$ cat echoDemo.html
hello everyone

lenovo@idea-PC MINGW64 ~/Desktop/python_basics
$ vim helloWorld.ipynb

lenovo@idea-PC MINGW64 ~/Desktop/python_basics
$ cat helloWorld.ipynb
print('Hello to Python World')

lenovo@idea-PC MINGW64 ~/Desktop/python_basics
$ git init
Initialized empty Git repository in C:/Users/lenovo/Desktop/python_basics/.git/

lenovo@idea-PC MINGW64 ~/Desktop/python_basics (master)
$ git status
On branch master

Initial commit

Untracked files:
  (use "git add <file>..." to include in what will be committed)

        echoDemo.html
        helloWorld.ipynb

nothing added to commit but untracked files present (use "git add" to track)

lenovo@idea-PC MINGW64 ~/Desktop/python_basics (master)
$ git add echoDemo.html
warning: LF will be replaced by CRLF in echoDemo.html.
The file will have its original line endings in your working directory.

lenovo@idea-PC MINGW64 ~/Desktop/python_basics (master)
$ git status
On branch master

Initial commit

Changes to be committed:
  (use "git rm --cached <file>..." to unstage)

        new file:   echoDemo.html

Untracked files:
  (use "git add <file>..." to include in what will be committed)

        helloWorld.ipynb

lenovo@idea-PC MINGW64 ~/Desktop/python_basics (master)
$ git status
On branch master

Initial commit

Changes to be committed:
  (use "git rm --cached <file>..." to unstage)

        new file:   echoDemo.html

Untracked files:
  (use "git add <file>..." to include in what will be committed)

        git_session1.txt
        helloWorld.ipynb


lenovo@idea-PC MINGW64 ~/Desktop/python_basics (master)
$ git add .
warning: LF will be replaced by CRLF in helloWorld.ipynb.
The file will have its original line endings in your working directory.

lenovo@idea-PC MINGW64 ~/Desktop/python_basics (master)
$ git status
On branch master

Initial commit

Changes to be committed:
  (use "git rm --cached <file>..." to unstage)

        new file:   echoDemo.html
        new file:   git_session1.txt
        new file:   helloWorld.ipynb

